// Jest Snapshot v1, https://goo.gl/fbAQLP

exports[`should render missions 1`] = `null`;
